Release 14.7 - xst P.20131013 (nt64)
Copyright (c) 1995-2013 Xilinx, Inc.  All rights reserved.
--> Parameter TMPDIR set to xst/projnav.tmp


Total REAL time to Xst completion: 0.00 secs
Total CPU time to Xst completion: 0.50 secs
 
--> Parameter xsthdpdir set to xst


Total REAL time to Xst completion: 0.00 secs
Total CPU time to Xst completion: 0.50 secs
 
--> Reading design: wallace_multiplier.prj

TABLE OF CONTENTS
  1) Synthesis Options Summary
  2) HDL Parsing
  3) HDL Elaboration
  4) HDL Synthesis
       4.1) HDL Synthesis Report
  5) Advanced HDL Synthesis
       5.1) Advanced HDL Synthesis Report
  6) Low Level Synthesis
  7) Partition Report
  8) Design Summary
       8.1) Primitive and Black Box Usage
       8.2) Device utilization summary
       8.3) Partition Resource Summary
       8.4) Timing Report
            8.4.1) Clock Information
            8.4.2) Asynchronous Control Signals Information
            8.4.3) Timing Summary
            8.4.4) Timing Details
            8.4.5) Cross Clock Domains Report


=========================================================================
*                      Synthesis Options Summary                        *
=========================================================================
---- Source Parameters
Input File Name                    : "wallace_multiplier.prj"
Ignore Synthesis Constraint File   : NO

---- Target Parameters
Output File Name                   : "wallace_multiplier"
Output Format                      : NGC
Target Device                      : xc7z010-1-clg400

---- Source Options
Top Module Name                    : wallace_multiplier
Automatic FSM Extraction           : YES
FSM Encoding Algorithm             : Auto
Safe Implementation                : No
FSM Style                          : LUT
RAM Extraction                     : Yes
RAM Style                          : Auto
ROM Extraction                     : Yes
Shift Register Extraction          : YES
ROM Style                          : Auto
Resource Sharing                   : YES
Asynchronous To Synchronous        : NO
Shift Register Minimum Size        : 2
Use DSP Block                      : Auto
Automatic Register Balancing       : No

---- Target Options
LUT Combining                      : Auto
Reduce Control Sets                : Auto
Add IO Buffers                     : YES
Global Maximum Fanout              : 100000
Add Generic Clock Buffer(BUFG)     : 32
Register Duplication               : YES
Optimize Instantiated Primitives   : NO
Use Clock Enable                   : Auto
Use Synchronous Set                : Auto
Use Synchronous Reset              : Auto
Pack IO Registers into IOBs        : Auto
Equivalent register Removal        : YES

---- General Options
Optimization Goal                  : Speed
Optimization Effort                : 1
Power Reduction                    : NO
Keep Hierarchy                     : No
Netlist Hierarchy                  : As_Optimized
RTL Output                         : Yes
Global Optimization                : AllClockNets
Read Cores                         : YES
Write Timing Constraints           : NO
Cross Clock Analysis               : NO
Hierarchy Separator                : /
Bus Delimiter                      : <>
Case Specifier                     : Maintain
Slice Utilization Ratio            : 100
BRAM Utilization Ratio             : 100
DSP48 Utilization Ratio            : 100
Auto BRAM Packing                  : NO
Slice Utilization Ratio Delta      : 5

=========================================================================


=========================================================================
*                          HDL Parsing                                  *
=========================================================================
Analyzing Verilog file "H:\New_Wallce_Tree_8\Half_Adder\half_adder.v" into library work
Parsing module <half_adder>.
Analyzing Verilog file "H:\New_Wallce_Tree_8\Full_Adder\full_adder.v" into library work
Parsing module <full_adder>.
Analyzing Verilog file "H:\New_Wallce_Tree_8\WallaceTree\WalaceTree.v" into library work
Parsing module <wallace_multiplier>.

=========================================================================
*                            HDL Elaboration                            *
=========================================================================

Elaborating module <wallace_multiplier>.

Elaborating module <half_adder>.

Elaborating module <full_adder>.

=========================================================================
*                           HDL Synthesis                               *
=========================================================================

Synthesizing Unit <wallace_multiplier>.
    Related source file is "H:\New_Wallce_Tree_8\WallaceTree\WalaceTree.v".
    Found 11-bit adder for signal <ans<15:5>> created at line 113.
    Summary:
	inferred   1 Adder/Subtractor(s).
Unit <wallace_multiplier> synthesized.

Synthesizing Unit <half_adder>.
    Related source file is "H:\New_Wallce_Tree_8\Half_Adder\half_adder.v".
    Summary:
Unit <half_adder> synthesized.

Synthesizing Unit <full_adder>.
    Related source file is "H:\New_Wallce_Tree_8\Full_Adder\full_adder.v".
    Summary:
	no macro.
Unit <full_adder> synthesized.

=========================================================================
HDL Synthesis Report

Macro Statistics
# Adders/Subtractors                                   : 1
 11-bit adder                                          : 1
# Xors                                                 : 91
 1-bit xor2                                            : 91

=========================================================================

=========================================================================
*                       Advanced HDL Synthesis                          *
=========================================================================


=========================================================================
Advanced HDL Synthesis Report

Macro Statistics
# Adders/Subtractors                                   : 1
 11-bit adder                                          : 1
# Xors                                                 : 91
 1-bit xor2                                            : 91

=========================================================================

=========================================================================
*                         Low Level Synthesis                           *
=========================================================================

Optimizing unit <wallace_multiplier> ...

Mapping all equations...
Building and optimizing final netlist ...
Found area constraint ratio of 100 (+ 5) on block wallace_multiplier, actual ratio is 0.

Final Macro Processing ...

=========================================================================
Final Register Report

Found no macro
=========================================================================

=========================================================================
*                           Partition Report                            *
=========================================================================

Partition Implementation Status
-------------------------------

  No Partitions were found in this design.

-------------------------------

=========================================================================
*                            Design Summary                             *
=========================================================================

Top Level Output File Name         : wallace_multiplier.ngc

Primitive and Black Box Usage:
------------------------------
# BELS                             : 126
#      GND                         : 1
#      LUT2                        : 20
#      LUT3                        : 3
#      LUT4                        : 14
#      LUT5                        : 15
#      LUT6                        : 52
#      MUXCY                       : 10
#      XORCY                       : 11
# IO Buffers                       : 32
#      IBUF                        : 16
#      OBUF                        : 16

Device utilization summary:
---------------------------

Selected Device : 7z010clg400-1 


Slice Logic Utilization: 
 Number of Slice LUTs:                  104  out of  17600     0%  
    Number used as Logic:               104  out of  17600     0%  

Slice Logic Distribution: 
 Number of LUT Flip Flop pairs used:    104
   Number with an unused Flip Flop:     104  out of    104   100%  
   Number with an unused LUT:             0  out of    104     0%  
   Number of fully used LUT-FF pairs:     0  out of    104     0%  
   Number of unique control sets:         0

IO Utilization: 
 Number of IOs:                          32
 Number of bonded IOBs:                  32  out of    100    32%  

Specific Feature Utilization:

---------------------------
Partition Resource Summary:
---------------------------

  No Partitions were found in this design.

---------------------------


=========================================================================
Timing Report

NOTE: THESE TIMING NUMBERS ARE ONLY A SYNTHESIS ESTIMATE.
      FOR ACCURATE TIMING INFORMATION PLEASE REFER TO THE TRACE REPORT
      GENERATED AFTER PLACE-and-ROUTE.

Clock Information:
------------------
No clock signals found in this design

Asynchronous Control Signals Information:
----------------------------------------
No asynchronous control signals found in this design

Timing Summary:
---------------
Speed Grade: -1

   Minimum period: No path found
   Minimum input arrival time before clock: No path found
   Maximum output required time after clock: No path found
   Maximum combinational path delay: 5.138ns

Timing Details:
---------------
All values displayed in nanoseconds (ns)

=========================================================================
Timing constraint: Default path analysis
  Total number of paths / destination ports: 12814 / 16
-------------------------------------------------------------------------
Delay:               5.138ns (Levels of Logic = 12)
  Source:            A<6> (PAD)
  Destination:       ans<15> (PAD)

  Data Path: A<6> to ans<15>
                                Gate     Net
    Cell:in->out      fanout   Delay   Delay  Logical Name (Net Name)
    ----------------------------------------  ------------
     IBUF:I->O            19   0.000   0.858  A_6_IBUF (A_6_IBUF)
     LUT6:I0->O            2   0.053   0.745  f16/cout1 (c1<7>)
     LUT6:I0->O            2   0.053   0.745  f27/cout1 (c2<7>)
     LUT6:I0->O            2   0.053   0.731  f35/cout1 (c3<7>)
     LUT5:I0->O            1   0.053   0.739  f44/cout1 (c4<7>)
     LUT6:I0->O            1   0.053   0.000  Madd_ans<15:5>_lut<6> (Madd_ans<15:5>_lut<6>)
     MUXCY:S->O            1   0.291   0.000  Madd_ans<15:5>_cy<6> (Madd_ans<15:5>_cy<6>)
     MUXCY:CI->O           1   0.015   0.000  Madd_ans<15:5>_cy<7> (Madd_ans<15:5>_cy<7>)
     MUXCY:CI->O           1   0.015   0.000  Madd_ans<15:5>_cy<8> (Madd_ans<15:5>_cy<8>)
     MUXCY:CI->O           0   0.015   0.000  Madd_ans<15:5>_cy<9> (Madd_ans<15:5>_cy<9>)
     XORCY:CI->O           1   0.320   0.399  Madd_ans<15:5>_xor<10> (ans_15_OBUF)
     OBUF:I->O                 0.000          ans_15_OBUF (ans<15>)
    ----------------------------------------
    Total                      5.138ns (0.921ns logic, 4.217ns route)
                                       (17.9% logic, 82.1% route)

=========================================================================

Cross Clock Domains Report:
--------------------------

=========================================================================


Total REAL time to Xst completion: 13.00 secs
Total CPU time to Xst completion: 13.61 secs
 
--> 

Total memory usage is 4698628 kilobytes

Number of errors   :    0 (   0 filtered)
Number of warnings :    0 (   0 filtered)
Number of infos    :    0 (   0 filtered)

